[2026-08-24 15:58:02] info: Mounted auth-service at /api/v1/auth -> http://localhost:8001
[2026-08-24 15:58:02] info: Mounted auth-service-users at /api/v1/users -> http://localhost:8001
[2026-08-24 15:58:02] info: Mounted branch-service at /api/v1/branches -> http://localhost:8002
[2026-08-24 15:58:02] info: Mounted inventory-service at /api/v1/inventory -> http://localhost:8003
[2026-08-24 15:58:02] info: Mounted sales-service at /api/v1/sales -> http://localhost:8004
[2026-08-24 15:58:02] info: Mounted purchase-service at /api/v1/purchases -> http://localhost:8005
[2026-08-24 15:58:02] info: Mounted analytics-service at /api/v1/analytics -> http://localhost:8006
[2026-08-24 15:58:02] info: Mounted notification-service at /api/v1/notifications -> http://localhost:8007
[2026-08-24 15:58:02] info: gateway running in development mode on port 3000
[2026-08-24 16:36:08] info: Mounted auth-service at /api/v1/auth -> http://localhost:8001
[2026-08-24 16:36:08] info: Mounted auth-service-users at /api/v1/users -> http://localhost:8001
[2026-08-24 16:36:08] info: Mounted branch-service at /api/v1/branches -> http://localhost:8002
[2026-08-24 16:36:08] info: Mounted inventory-service at /api/v1/inventory -> http://localhost:8003
[2026-08-24 16:36:08] info: Mounted sales-service at /api/v1/sales -> http://localhost:8004
[2026-08-24 16:36:08] info: Mounted purchase-service at /api/v1/purchases -> http://localhost:8005
[2026-08-24 16:36:08] info: Mounted analytics-service at /api/v1/analytics -> http://localhost:8006
[2026-08-24 16:36:08] info: Mounted notification-service at /api/v1/notifications -> http://localhost:8007
[2026-08-24 16:36:08] info: gateway running in development mode on port 3000
[2026-08-24 16:37:38] info: Mounted auth-service at /api/v1/auth -> http://localhost:8001
[2026-08-24 16:37:38] info: Mounted auth-service-users at /api/v1/users -> http://localhost:8001
[2026-08-24 16:37:38] info: Mounted branch-service at /api/v1/branches -> http://localhost:8002
[2026-08-24 16:37:38] info: Mounted inventory-service at /api/v1/inventory -> http://localhost:8003
[2026-08-24 16:37:38] info: Mounted sales-service at /api/v1/sales -> http://localhost:8004
[2026-08-24 16:37:38] info: Mounted purchase-service at /api/v1/purchases -> http://localhost:8005
[2026-08-24 16:37:38] info: Mounted analytics-service at /api/v1/analytics -> http://localhost:8006
[2026-08-24 16:37:38] info: Mounted notification-service at /api/v1/notifications -> http://localhost:8007
[2026-08-24 16:37:38] info: gateway running in development mode on port 3000
[2026-08-24 16:37:52] info: SIGINT received. Shutting down gracefully...
[2026-08-24 16:37:53] info: Mounted auth-service at /api/v1/auth -> http://localhost:8001
[2026-08-24 16:37:53] info: Mounted auth-service-users at /api/v1/users -> http://localhost:8001
[2026-08-24 16:37:53] info: Mounted branch-service at /api/v1/branches -> http://localhost:8002
[2026-08-24 16:37:53] info: Mounted inventory-service at /api/v1/inventory -> http://localhost:8003
[2026-08-24 16:37:53] info: Mounted sales-service at /api/v1/sales -> http://localhost:8004
[2026-08-24 16:37:53] info: Mounted purchase-service at /api/v1/purchases -> http://localhost:8005
[2026-08-24 16:37:53] info: Mounted analytics-service at /api/v1/analytics -> http://localhost:8006
[2026-08-24 16:37:53] info: Mounted notification-service at /api/v1/notifications -> http://localhost:8007
[2026-08-24 16:37:53] info: gateway running in development mode on port 8000
[2026-08-24 16:57:11] info: SIGINT received. Shutting down gracefully...
[2026-08-24 16:57:14] info: Mounted auth-service at /api/v1/auth -> http://localhost:8001
[2026-08-24 16:57:14] info: Mounted auth-service-users at /api/v1/users -> http://localhost:8001
[2026-08-24 16:57:14] info: Mounted branch-service at /api/v1/branches -> http://localhost:8002
[2026-08-24 16:57:14] info: Mounted inventory-service at /api/v1/inventory -> http://localhost:8003
[2026-08-24 16:57:14] info: Mounted sales-service at /api/v1/sales -> http://localhost:8004
[2026-08-24 16:57:14] info: Mounted purchase-service at /api/v1/purchases -> http://localhost:8005
[2026-08-24 16:57:14] info: Mounted analytics-service at /api/v1/analytics -> http://localhost:8006
[2026-08-24 16:57:14] info: Mounted notification-service at /api/v1/notifications -> http://localhost:8007
[2026-08-24 16:57:14] info: gateway running in development mode on port 8000
