[2026-08-24 16:16:17] error: Failed to connect to MongoDB: querySrv ECONNREFUSED _mongodb._tcp.cluster0.bwtk1j1.mongodb.net
[2026-08-24 16:17:02] error: Failed to connect to MongoDB: querySrv ECONNREFUSED _mongodb._tcp.cluster0.bwtk1j1.mongodb.net
[2026-08-24 16:19:43] error: Failed to connect to MongoDB: Server selection timed out after 30000 ms
[2026-08-24 16:22:06] error: Failed to connect to MongoDB: Server selection timed out after 30000 ms
[2026-08-24 16:27:18] error: Failed to connect to MongoDB: querySrv ECONNREFUSED _mongodb._tcp.cluster0.bwtk1j1.mongodb.net
[2026-08-24 16:30:04] error: Failed to connect to MongoDB: querySrv ECONNREFUSED _mongodb._tcp.cluster0.bwtk1j1.mongodb.net
[2026-08-24 16:32:15] warn: MongoDB connection attempt 1 failed. Retrying...
[2026-08-24 16:32:16] warn: MongoDB connection attempt 2 failed. Retrying...
[2026-08-24 16:32:17] error: Failed to connect to MongoDB at the configured MONGO_URI after 3 attempts: querySrv ECONNREFUSED _mongodb._tcp.cluster0.bwtk1j1.mongodb.net
[2026-08-24 16:33:50] info: MongoDB connected: localhost
[2026-08-24 16:33:50] info: auth-service running in development mode on port 8000
[2026-08-24 16:34:23] info: MongoDB connected: localhost
[2026-08-24 16:35:29] info: MongoDB connected: localhost
[2026-08-24 16:35:29] info: auth-service running in development mode on port 8000
[2026-08-24 16:36:54] info: MongoDB connected: localhost
[2026-08-24 16:36:54] info: auth-service running in development mode on port 8001
[2026-08-24 16:37:06] info: SIGINT received. Shutting down gracefully...
[2026-08-24 16:37:08] info: MongoDB connected: localhost
[2026-08-24 16:37:35] info: MongoDB connected: localhost
[2026-08-24 16:37:35] info: auth-service running in development mode on port 8001
[2026-08-24 17:16:36] info: SIGINT received. Shutting down gracefully...
[2026-08-24 17:16:48] warn: MongoDB connection attempt 1 failed. Retrying...
[2026-08-24 17:16:49] warn: MongoDB connection attempt 2 failed. Retrying...
[2026-08-24 17:16:51] error: Failed to connect to MongoDB at the configured MONGO_URI after 3 attempts: querySrv ECONNREFUSED _mongodb._tcp.cluster0.bwtk1j1.mongodb.net
[2026-08-24 17:19:10] info: MongoDB connected: localhost
[2026-08-24 17:19:10] info: auth-service running in development mode on port 8001
[2026-08-24 17:35:50] info: SIGINT received. Shutting down gracefully...
[2026-08-24 17:35:55] info: MongoDB connected: ac-jsfs7ps-shard-00-02.bwtk1j1.mongodb.net
[2026-08-24 17:36:40] info: MongoDB connected: ac-jsfs7ps-shard-00-00.bwtk1j1.mongodb.net
